python : Traceback (most recent call last):
At line:1 char:1
+ python backend/src/test_agents.py > 
test_output.txt 2>&1
+ ~~~~~~~~~~~~~~~~~~~~~~~~~~~~~~~~~~~~~~~~~~~~~~~~~~
~~~~~~
    + CategoryInfo          : NotSpecified: (Traceb 
   ack (most recent call last)::String) [], Remote  
  Exception
    + FullyQualifiedErrorId : NativeCommandError
 
  File "C:\Users\MVGra\Desktop\projects\agent_langch
ain_antigravity_ralph\backend\src\test_agents.py", 
line 20, in <module>
    config = MockConfig()
             ^^^^^^^^^^^^
  File "C:\Users\MVGra\AppData\Local\Packages\Python
SoftwareFoundation.Python.3.11_qbz5n2kfra8p0\LocalCa
che\local-packages\Python311\site-packages\pydantic\
main.py", line 214, in __init__
    validated_self = 
self.__pydantic_validator__.validate_python(data, 
self_instance=self)
                     ^^^^^^^^^^^^^^^^^^^^^^^^^^^^^^^
^^^^^^^^^^^^^^^^^^^^^^^^^^^^^^^^^^^^^^
pydantic_core._pydantic_core.ValidationError: 1 
validation error for MockConfig
system_prompt
  Field required [type=missing, input_value={}, 
input_type=dict]
    For further information visit 
https://errors.pydantic.dev/2.10/v/missing
